// Jest Snapshot v1, https://goo.gl/fbAQLP

exports[`renders snapshot correctly 1`] = `
ShallowWrapper {
  "length": 1,
  Symbol(enzyme.__root__): [Circular],
  Symbol(enzyme.__unrendered__): <Button
    disabled={true}
    onPress={[Function]}
  >
    Testing
  </Button>,
  Symbol(enzyme.__renderer__): Object {
    "batchedUpdates": [Function],
    "getNode": [Function],
    "render": [Function],
    "simulateEvent": [Function],
    "unmount": [Function],
  },
  Symbol(enzyme.__node__): Object {
    "instance": null,
    "key": undefined,
    "nodeType": "class",
    "props": Object {
      "activeOpacity": 0.2,
      "children": <Text
        accessible={true}
        allowFontScaling={true}
        ellipsizeMode="tail"
        style={
          Object {
            "alignSelf": "center",
            "color": "#007aff",
            "fontSize": 16,
            "fontWeight": "600",
            "paddingBottom": 10,
            "paddingTop": 10,
          }
        }
      >
        Testing
      </Text>,
      "disabled": true,
      "onPress": [Function],
      "style": Object {
        "backgroundColor": "#FFF",
        "borderColor": "#007aff",
        "borderRadius": 5,
        "borderWidth": 1,
        "flex": 1,
        "marginLeft": 5,
        "marginRight": 5,
      },
    },
    "ref": null,
    "rendered": Object {
      "instance": null,
      "key": undefined,
      "nodeType": "class",
      "props": Object {
        "accessible": true,
        "allowFontScaling": true,
        "children": "Testing",
        "ellipsizeMode": "tail",
        "style": Object {
          "alignSelf": "center",
          "color": "#007aff",
          "fontSize": 16,
          "fontWeight": "600",
          "paddingBottom": 10,
          "paddingTop": 10,
        },
      },
      "ref": null,
      "rendered": "Testing",
      "type": [Function],
    },
    "type": [Function],
  },
  Symbol(enzyme.__nodes__): Array [
    Object {
      "instance": null,
      "key": undefined,
      "nodeType": "class",
      "props": Object {
        "activeOpacity": 0.2,
        "children": <Text
          accessible={true}
          allowFontScaling={true}
          ellipsizeMode="tail"
          style={
            Object {
              "alignSelf": "center",
              "color": "#007aff",
              "fontSize": 16,
              "fontWeight": "600",
              "paddingBottom": 10,
              "paddingTop": 10,
            }
          }
        >
          Testing
        </Text>,
        "disabled": true,
        "onPress": [Function],
        "style": Object {
          "backgroundColor": "#FFF",
          "borderColor": "#007aff",
          "borderRadius": 5,
          "borderWidth": 1,
          "flex": 1,
          "marginLeft": 5,
          "marginRight": 5,
        },
      },
      "ref": null,
      "rendered": Object {
        "instance": null,
        "key": undefined,
        "nodeType": "class",
        "props": Object {
          "accessible": true,
          "allowFontScaling": true,
          "children": "Testing",
          "ellipsizeMode": "tail",
          "style": Object {
            "alignSelf": "center",
            "color": "#007aff",
            "fontSize": 16,
            "fontWeight": "600",
            "paddingBottom": 10,
            "paddingTop": 10,
          },
        },
        "ref": null,
        "rendered": "Testing",
        "type": [Function],
      },
      "type": [Function],
    },
  ],
  Symbol(enzyme.__options__): Object {
    "adapter": ReactSixteenAdapter {
      "options": Object {
        "enableComponentDidUpdateOnSetState": true,
      },
    },
  },
}
`;
